2026-09-03 17:08:22.676 xcodebuild[54924:101655191] [MT] IDEDistribution: -[IDEDistributionLogging _createLoggingBundleAtPath:]: Created bundle at path "/var/folders/t1/2qnz8cns7n1704nkm0l206280000gn/T/App_2026-09-03_17-08-22.675.xcdistributionlogs".
2026-09-03 17:08:39.011 xcodebuild[54924:101655191] Starting upload
2026-09-03 17:08:41.657 xcodebuild[54924:101655319] Progress 0%: Making copy of ‘App.ipa’…
2026-09-03 17:08:41.658 xcodebuild[54924:101655319] Progress 0%: Making copy of ‘App.ipa’…
2026-09-03 17:08:41.659 xcodebuild[54924:101655319] Progress 0%: Preparing to upload ‘App.ipa’…
2026-09-03 17:08:50.712 xcodebuild[54924:101655319] Progress 0%: Analyzing package…
2026-09-03 17:08:52.413 xcodebuild[54924:101657431] Progress 0%: Sending analysis to App Store Connect…
2026-09-03 17:08:54.658 xcodebuild[54924:101657431] Progress 0%: Waiting for App Store Connect analysis response…
2026-09-03 17:08:56.795 xcodebuild[54924:101657431] Progress 0%: Waiting for App Store Connect analysis response…
2026-09-03 17:09:35.620 xcodebuild[54924:101657431] Progress 0%: Sending SPI analysis to App Store Connect…
2026-09-03 17:09:37.540 xcodebuild[54924:101657431] Progress 0%: Waiting for App Store Connect SPI analysis response…
2026-09-03 17:09:39.610 xcodebuild[54924:101657431] Progress 0%: Waiting for App Store Connect SPI analysis response…
2026-09-03 17:09:55.727 xcodebuild[54924:101657431] Progress 0%: Requesting upload instructions from App Store Connect…
2026-09-03 17:09:56.944 xcodebuild[54924:101657431] Progress 0%: Preparing file for upload to App Store Connect…
2026-09-03 17:09:56.949 xcodebuild[54924:101657431] Progress 0%: Preparing file for upload to App Store Connect…
2026-09-03 17:09:56.949 xcodebuild[54924:101657431] Progress 0%: Uploading to App Store Connect…
2026-09-03 17:09:57.077 xcodebuild[54924:101657431] Progress 100%: Uploading to App Store Connect…
2026-09-03 17:09:57.077 xcodebuild[54924:101657431] Progress 100%: Uploading to App Store Connect…
2026-09-03 17:09:57.692 xcodebuild[54924:101657431] Progress 100%: Completing upload…
2026-09-03 17:09:59.385 xcodebuild[54924:101657431] Progress 100%: Waiting for package to begin processing…
2026-09-03 17:09:59.694 xcodebuild[54924:101657431] Progress 100%: Uploaded package is processing.
2026-09-03 17:09:59.697 xcodebuild[54924:101657431] Progress 100%: Upload succeeded.
Uploaded App
** EXPORT SUCCEEDED **

